// Jest Snapshot v1, https://goo.gl/fbAQLP

exports[`<Header/> renders correctly 1`] = `
<header>
  <h1>
    City Explorer
  </h1>
  <p>
    Enter a location below to learn about the weather, events, restaurants, movies filmed there, and more!
  </p>
</header>
`;
